Archive member included because of file (symbol)

c:/software/electronica/arm/eclipsearm/sourcery-g++-lite-arm-2011.03/bin/../lib/gcc/arm-none-eabi/4.5.2\libgcc.a(_divsi3.o)
                              ./commonEclipse/44blib.o (__aeabi_idiv)
c:/software/electronica/arm/eclipsearm/sourcery-g++-lite-arm-2011.03/bin/../lib/gcc/arm-none-eabi/4.5.2\libgcc.a(_dvmd_tls.o)
                              c:/software/electronica/arm/eclipsearm/sourcery-g++-lite-arm-2011.03/bin/../lib/gcc/arm-none-eabi/4.5.2\libgcc.a(_divsi3.o) (__aeabi_idiv0)

Allocating common symbols
Common symbol       size              file

led_state           0x4               ./led.o
fileSize            0x4               ./commonEclipse/44blib.o
key                 0x4               ./keyboard.o
downPt              0x4               ./commonEclipse/44blib.o

Memory Configuration

Name             Origin             Length             Attributes
*default*        0x00000000         0xffffffff

Linker script and memory map

LOAD ./commonEclipse/44binit.o
LOAD ./commonEclipse/44blib.o
LOAD ./8led.o
LOAD ./button.o
LOAD ./init.o
LOAD ./keyboard.o
LOAD ./led.o
LOAD ./main.o
LOAD ./timer.o
START GROUP
LOAD c:/software/electronica/arm/eclipsearm/sourcery-g++-lite-arm-2011.03/bin/../lib/gcc/arm-none-eabi/4.5.2\libgcc.a
LOAD c:/software/electronica/arm/eclipsearm/sourcery-g++-lite-arm-2011.03/bin/../lib/gcc/arm-none-eabi/4.5.2/../../../../arm-none-eabi/lib\libc.a
END GROUP
                0x0c000000                . = 0xc000000
                0x0c000000                Image_RO_Base = .

.text           0x0c000000     0x1674
 *(.text)
 .text          0x0c000000      0x70c ./commonEclipse/44binit.o
 .text          0x0c00070c      0x45c ./commonEclipse/44blib.o
                0x0c00070c                Delay
                0x0c000844                DelayMs
                0x0c0008a8                Port_Init
                0x0c000a38                malloc
                0x0c000ad8                free
                0x0c000b08                sys_init
 .text          0x0c000b68       0x60 ./8led.o
                0x0c000b68                D8Led_init
                0x0c000b8c                D8Led_symbol
 .text          0x0c000bc8      0x1d0 ./button.o
                0x0c000bc8                button_init
                0x0c000c08                Eint4567_init
                0x0c000cd0                Eint4567_ISR
 .text          0x0c000d98       0x1c ./init.o
                0x0c000d98                start
 .text          0x0c000db4      0x37c ./keyboard.o
                0x0c000db4                keyboard_init
                0x0c000e6c                KeyboardInt
                0x0c000f00                key_read
 .text          0x0c001130      0x230 ./led.o
                0x0c001130                leds_on
                0x0c001150                leds_off
                0x0c001170                led1_on
                0x0c0011b0                led1_off
                0x0c0011f0                led2_on
                0x0c001230                led2_off
                0x0c001270                leds_switch
                0x0c0012b0                Led_Display
 .text          0x0c001360       0x2c ./main.o
                0x0c001360                Main
 .text          0x0c00138c      0x19c ./timer.o
                0x0c00138c                timer_init
                0x0c001494                timer_ISR
                0x0c0014c8                timer_ISR1
                0x0c0014f8                timer_ISR2
 .text          0x0c001528      0x148 c:/software/electronica/arm/eclipsearm/sourcery-g++-lite-arm-2011.03/bin/../lib/gcc/arm-none-eabi/4.5.2\libgcc.a(_divsi3.o)
                0x0c001528                __divsi3
                0x0c001528                __aeabi_idiv
                0x0c001650                __aeabi_idivmod
 .text          0x0c001670        0x4 c:/software/electronica/arm/eclipsearm/sourcery-g++-lite-arm-2011.03/bin/../lib/gcc/arm-none-eabi/4.5.2\libgcc.a(_dvmd_tls.o)
                0x0c001670                __aeabi_idiv0
                0x0c001670                __aeabi_ldiv0
                0x0c001674                Image_RO_Limit = .
                0x0c001674                Image_RW_Base = .

.glue_7         0x0c001674        0x0
 .glue_7        0x00000000        0x0 linker stubs

.glue_7t        0x0c001674        0x0
 .glue_7t       0x00000000        0x0 linker stubs

.vfp11_veneer   0x0c001674        0x0
 .vfp11_veneer  0x00000000        0x0 linker stubs

.v4_bx          0x0c001674        0x0
 .v4_bx         0x00000000        0x0 linker stubs

.data           0x0c001674       0x58
 *(.data)
 .data          0x0c001674        0x6 ./commonEclipse/44binit.o
                0x0c001674                BDRAMTYPE
 *fill*         0x0c00167a        0x2 00
 .data          0x0c00167c        0xc ./commonEclipse/44blib.o
                0x0c00167c                mallocPt
                0x0c001680                run
 .data          0x0c001688       0x40 ./8led.o
                0x0c001688                Symbol
 .data          0x0c0016c8        0x0 ./button.o
 .data          0x0c0016c8        0x0 ./init.o
 .data          0x0c0016c8        0x4 ./keyboard.o
                0x0c0016c8                keyboard_base
 .data          0x0c0016cc        0x0 ./led.o
 .data          0x0c0016cc        0x0 ./main.o
 .data          0x0c0016cc        0x0 ./timer.o
 .data          0x0c0016cc        0x0 c:/software/electronica/arm/eclipsearm/sourcery-g++-lite-arm-2011.03/bin/../lib/gcc/arm-none-eabi/4.5.2\libgcc.a(_divsi3.o)
 .data          0x0c0016cc        0x0 c:/software/electronica/arm/eclipsearm/sourcery-g++-lite-arm-2011.03/bin/../lib/gcc/arm-none-eabi/4.5.2\libgcc.a(_dvmd_tls.o)

.rodata
 *(.rodata)
                0x0c0016cc                Image_RW_Limit = .
                0x0c0016cc                Image_ZI_Base = .

.bss            0x0c0016cc       0x18
 *(.bss)
 .bss           0x0c0016cc        0x0 ./commonEclipse/44binit.o
 .bss           0x0c0016cc        0x4 ./commonEclipse/44blib.o
                0x0c0016cc                restart
 .bss           0x0c0016d0        0x0 ./8led.o
 .bss           0x0c0016d0        0x4 ./button.o
                0x0c0016d0                symbol
 .bss           0x0c0016d4        0x0 ./init.o
 .bss           0x0c0016d4        0x0 ./keyboard.o
 .bss           0x0c0016d4        0x0 ./led.o
 .bss           0x0c0016d4        0x0 ./main.o
 .bss           0x0c0016d4        0x0 ./timer.o
 .bss           0x0c0016d4        0x0 c:/software/electronica/arm/eclipsearm/sourcery-g++-lite-arm-2011.03/bin/../lib/gcc/arm-none-eabi/4.5.2\libgcc.a(_divsi3.o)
 .bss           0x0c0016d4        0x0 c:/software/electronica/arm/eclipsearm/sourcery-g++-lite-arm-2011.03/bin/../lib/gcc/arm-none-eabi/4.5.2\libgcc.a(_dvmd_tls.o)
 COMMON         0x0c0016d4        0x8 ./commonEclipse/44blib.o
                0x0c0016d4                fileSize
                0x0c0016d8                downPt
 COMMON         0x0c0016dc        0x4 ./keyboard.o
                0x0c0016dc                key
 COMMON         0x0c0016e0        0x4 ./led.o
                0x0c0016e0                led_state
                0x0c0016e4                Image_ZI_Limit = .
                0x0c0016e4                __bss_start__ = .
                0x0c0016e4                __bss_end__ = .
                0x0c0016e4                __EH_FRAME_BEGIN__ = .
                0x0c0016e4                __EH_FRAME_END__ = .
                0x0c0016e4                PROVIDE (__stack, .)
                0x0c0016e4                end = .
                0x0c0016e4                _end = .

.ARM.attributes
                0x00000000       0x2e
 .ARM.attributes
                0x00000000       0x22 ./commonEclipse/44binit.o
 .ARM.attributes
                0x00000022       0x32 ./commonEclipse/44blib.o
 .ARM.attributes
                0x00000054       0x32 ./8led.o
 .ARM.attributes
                0x00000086       0x32 ./button.o
 .ARM.attributes
                0x000000b8       0x22 ./init.o
 .ARM.attributes
                0x000000da       0x32 ./keyboard.o
 .ARM.attributes
                0x0000010c       0x32 ./led.o
 .ARM.attributes
                0x0000013e       0x32 ./main.o
 .ARM.attributes
                0x00000170       0x32 ./timer.o
 .ARM.attributes
                0x000001a2       0x1a c:/software/electronica/arm/eclipsearm/sourcery-g++-lite-arm-2011.03/bin/../lib/gcc/arm-none-eabi/4.5.2\libgcc.a(_divsi3.o)
 .ARM.attributes
                0x000001bc       0x18 c:/software/electronica/arm/eclipsearm/sourcery-g++-lite-arm-2011.03/bin/../lib/gcc/arm-none-eabi/4.5.2\libgcc.a(_dvmd_tls.o)

.comment        0x00000000       0x2a
 .comment       0x00000000       0x2a ./commonEclipse/44blib.o
                                 0x2b (size before relaxing)
 .comment       0x00000000       0x2b ./8led.o
 .comment       0x00000000       0x2b ./button.o
 .comment       0x00000000       0x2b ./keyboard.o
 .comment       0x00000000       0x2b ./led.o
 .comment       0x00000000       0x2b ./main.o
 .comment       0x00000000       0x2b ./timer.o

.debug_info     0x00000000      0x782
 *(.debug_info)
 .debug_info    0x00000000       0x71 ./commonEclipse/44binit.o
 .debug_info    0x00000071      0x229 ./commonEclipse/44blib.o
 .debug_info    0x0000029a       0xa4 ./8led.o
 .debug_info    0x0000033e       0xa2 ./button.o
 .debug_info    0x000003e0       0x60 ./init.o
 .debug_info    0x00000440       0xfe ./keyboard.o
 .debug_info    0x0000053e      0x104 ./led.o
 .debug_info    0x00000642       0xc2 ./main.o
 .debug_info    0x00000704       0x7e ./timer.o

.debug_line     0x00000000      0xc24
 *(.debug_line)
 .debug_line    0x00000000      0x116 ./commonEclipse/44binit.o
 .debug_line    0x00000116      0x3d9 ./commonEclipse/44blib.o
 .debug_line    0x000004ef       0x92 ./8led.o
 .debug_line    0x00000581       0xc8 ./button.o
 .debug_line    0x00000649       0x3d ./init.o
 .debug_line    0x00000686       0xd5 ./keyboard.o
 .debug_line    0x0000075b       0xae ./led.o
 .debug_line    0x00000809      0x375 ./main.o
 .debug_line    0x00000b7e       0xa6 ./timer.o

.debug_abbrev   0x00000000      0x459
 *(.debug_abbrev)
 .debug_abbrev  0x00000000       0x14 ./commonEclipse/44binit.o
 .debug_abbrev  0x00000014      0x11f ./commonEclipse/44blib.o
 .debug_abbrev  0x00000133       0x9b ./8led.o
 .debug_abbrev  0x000001ce       0x80 ./button.o
 .debug_abbrev  0x0000024e       0x14 ./init.o
 .debug_abbrev  0x00000262       0xe6 ./keyboard.o
 .debug_abbrev  0x00000348       0x7c ./led.o
 .debug_abbrev  0x000003c4       0x6a ./main.o
 .debug_abbrev  0x0000042e       0x2b ./timer.o

.debug_frame    0x00000000      0x424
 *(.debug_frame)
 .debug_frame   0x00000000       0xd0 ./commonEclipse/44blib.o
 .debug_frame   0x000000d0       0x50 ./8led.o
 .debug_frame   0x00000120       0x7c ./button.o
 .debug_frame   0x0000019c       0x7c ./keyboard.o
 .debug_frame   0x00000218      0x110 ./led.o
 .debug_frame   0x00000328       0x30 ./main.o
 .debug_frame   0x00000358       0xac ./timer.o
 .debug_frame   0x00000404       0x20 c:/software/electronica/arm/eclipsearm/sourcery-g++-lite-arm-2011.03/bin/../lib/gcc/arm-none-eabi/4.5.2\libgcc.a(_divsi3.o)
OUTPUT(practica2.elf elf32-littlearm)

.debug_aranges  0x00000000      0x120
 .debug_aranges
                0x00000000       0x20 ./commonEclipse/44binit.o
 .debug_aranges
                0x00000020       0x20 ./commonEclipse/44blib.o
 .debug_aranges
                0x00000040       0x20 ./8led.o
 .debug_aranges
                0x00000060       0x20 ./button.o
 .debug_aranges
                0x00000080       0x20 ./init.o
 .debug_aranges
                0x000000a0       0x20 ./keyboard.o
 .debug_aranges
                0x000000c0       0x20 ./led.o
 .debug_aranges
                0x000000e0       0x20 ./main.o
 .debug_aranges
                0x00000100       0x20 ./timer.o

.debug_macinfo  0x00000000    0x298e1
 .debug_macinfo
                0x00000000     0x82fb ./commonEclipse/44blib.o
 .debug_macinfo
                0x000082fb     0x5567 ./8led.o
 .debug_macinfo
                0x0000d862     0x5227 ./button.o
 .debug_macinfo
                0x00012a89     0x523c ./keyboard.o
 .debug_macinfo
                0x00017cc5     0x50a3 ./led.o
 .debug_macinfo
                0x0001cd68     0x7ad6 ./main.o
 .debug_macinfo
                0x0002483e     0x50a3 ./timer.o

.debug_loc      0x00000000      0x4a4
 .debug_loc     0x00000000      0x108 ./commonEclipse/44blib.o
 .debug_loc     0x00000108       0x58 ./8led.o
 .debug_loc     0x00000160       0x84 ./button.o
 .debug_loc     0x000001e4       0x84 ./keyboard.o
 .debug_loc     0x00000268      0x160 ./led.o
 .debug_loc     0x000003c8       0x2c ./main.o
 .debug_loc     0x000003f4       0xb0 ./timer.o

.debug_pubnames
                0x00000000      0x26b
 .debug_pubnames
                0x00000000       0x90 ./commonEclipse/44blib.o
 .debug_pubnames
                0x00000090       0x3d ./8led.o
 .debug_pubnames
                0x000000cd       0x50 ./button.o
 .debug_pubnames
                0x0000011d       0x5b ./keyboard.o
 .debug_pubnames
                0x00000178       0x8b ./led.o
 .debug_pubnames
                0x00000203       0x1b ./main.o
 .debug_pubnames
                0x0000021e       0x4d ./timer.o

.debug_pubtypes
                0x00000000       0x24
 .debug_pubtypes
                0x00000000       0x12 ./commonEclipse/44blib.o
 .debug_pubtypes
                0x00000012       0x12 ./main.o

.debug_str      0x00000000      0x288
 .debug_str     0x00000000      0x12b ./commonEclipse/44blib.o
                                0x169 (size before relaxing)
 .debug_str     0x0000012b       0x2f ./8led.o
                                 0x73 (size before relaxing)
 .debug_str     0x0000015a       0x3d ./button.o
                                 0x7b (size before relaxing)
 .debug_str     0x00000197       0x44 ./keyboard.o
                                 0x94 (size before relaxing)
 .debug_str     0x000001db       0x68 ./led.o
                                 0x9f (size before relaxing)
 .debug_str     0x00000243       0x1a ./main.o
                                 0xf4 (size before relaxing)
 .debug_str     0x0000025d       0x2b ./timer.o
                                 0x6d (size before relaxing)
