   1              		.cpu arm7tdmi
   2              		.fpu softvfp
   3              		.eabi_attribute 20, 1
   4              		.eabi_attribute 21, 1
   5              		.eabi_attribute 23, 3
   6              		.eabi_attribute 24, 1
   7              		.eabi_attribute 25, 1
   8              		.eabi_attribute 26, 1
   9              		.eabi_attribute 30, 6
  10              		.eabi_attribute 18, 4
  11              		.file	"8led.c"
  21              	.Ltext0:
  22              		.file 1 "../8led.c"
 1920              		.align	2
 1923              	Symbol:
 1924 0000 12000000 		.word	18
 1925 0004 9F000000 		.word	159
 1926 0008 31000000 		.word	49
 1927 000c 15000000 		.word	21
 1928 0010 9C000000 		.word	156
 1929 0014 54000000 		.word	84
 1930 0018 50000000 		.word	80
 1931 001c 1F000000 		.word	31
 1932 0020 10000000 		.word	16
 1933 0024 1C000000 		.word	28
 1934 0028 18000000 		.word	24
 1935 002c D0000000 		.word	208
 1936 0030 72000000 		.word	114
 1937 0034 91000000 		.word	145
 1938 0038 70000000 		.word	112
 1939 003c 78000000 		.word	120
 1940              		.text
 1941              		.align	2
 1942              		.global	D8Led_init
 1944              	D8Led_init:
 1945              	.LFB0:
   1:../8led.c     **** /*--- ficheros de cabecera ---*/
   2:../8led.c     **** #include "44b.h"
   3:../8led.c     **** //#include "44blib.h"
   4:../8led.c     **** /*--- definicion de macros ---*/
   5:../8led.c     **** /* Mapa de bits de cada segmento
   6:../8led.c     **** (valor que se debe escribir para que se ilumine el segmento) */
   7:../8led.c     **** #define SEGMENT_A 0x7F
   8:../8led.c     **** #define SEGMENT_B 0xBF
   9:../8led.c     **** #define SEGMENT_C 0xDF 
  10:../8led.c     **** #define SEGMENT_D 0xF7 
  11:../8led.c     **** #define SEGMENT_E 0xFB 
  12:../8led.c     **** #define SEGMENT_F 0xFD 
  13:../8led.c     **** #define SEGMENT_G 0xFE 
  14:../8led.c     **** #define SEGMENT_P 0xEF 
  15:../8led.c     **** 
  16:../8led.c     **** #define DIGIT_F (SEGMENT_A & SEGMENT_G & SEGMENT_E & SEGMENT_F)
  17:../8led.c     **** #define DIGIT_E (SEGMENT_A & SEGMENT_G & SEGMENT_E & SEGMENT_F & SEGMENT_D)
  18:../8led.c     **** #define DIGIT_D (SEGMENT_B & SEGMENT_C & SEGMENT_D & SEGMENT_F & SEGMENT_E)
  19:../8led.c     **** #define DIGIT_C (SEGMENT_A & SEGMENT_D & SEGMENT_E & SEGMENT_G)
  20:../8led.c     **** #define DIGIT_B (SEGMENT_C & SEGMENT_D & SEGMENT_F & SEGMENT_E & SEGMENT_G)
  21:../8led.c     **** #define DIGIT_A (SEGMENT_A & SEGMENT_B & SEGMENT_C & SEGMENT_F & SEGMENT_E & SEGMENT_G)
  22:../8led.c     **** #define DIGIT_9 (SEGMENT_A & SEGMENT_B & SEGMENT_C & SEGMENT_F & SEGMENT_G)
  23:../8led.c     **** #define DIGIT_0 (SEGMENT_A & SEGMENT_B & SEGMENT_C & SEGMENT_D & SEGMENT_E & SEGMENT_G)
  24:../8led.c     **** #define DIGIT_1 (SEGMENT_B & SEGMENT_C)
  25:../8led.c     **** #define DIGIT_2 (SEGMENT_A & SEGMENT_B & SEGMENT_F & SEGMENT_E & SEGMENT_D)
  26:../8led.c     **** #define DIGIT_3 (SEGMENT_A & SEGMENT_B & SEGMENT_F & SEGMENT_C & SEGMENT_D)
  27:../8led.c     **** #define DIGIT_4 (SEGMENT_B & SEGMENT_C & SEGMENT_F & SEGMENT_G)
  28:../8led.c     **** #define DIGIT_5 (SEGMENT_A & SEGMENT_C & SEGMENT_D & SEGMENT_F & SEGMENT_G)
  29:../8led.c     **** #define DIGIT_6 (SEGMENT_A & SEGMENT_C & SEGMENT_D & SEGMENT_E & SEGMENT_F & SEGMENT_G)
  30:../8led.c     **** #define DIGIT_7 (SEGMENT_A & SEGMENT_B & SEGMENT_C)
  31:../8led.c     **** #define DIGIT_8 (SEGMENT_A & SEGMENT_B & SEGMENT_C & SEGMENT_D & SEGMENT_E & SEGMENT_F & SEGMENT_G)
  32:../8led.c     **** 
  33:../8led.c     **** /*--- variables globales ---*/
  34:../8led.c     **** /* tabla de segmentos */
  35:../8led.c     **** int Symbol[] = {DIGIT_0, DIGIT_1, DIGIT_2, DIGIT_3, DIGIT_4, DIGIT_5,
  36:../8led.c     **** 					DIGIT_6, DIGIT_7, DIGIT_8, DIGIT_9, DIGIT_A, DIGIT_B,
  37:../8led.c     **** 					DIGIT_C, DIGIT_D, DIGIT_E, DIGIT_F};
  38:../8led.c     **** /*--- declaracion de funciones ---*/
  39:../8led.c     **** void D8Led_init(void);
  40:../8led.c     **** void D8Led_symbol(int value);
  41:../8led.c     **** /*--- codigo de las funciones ---*/
  42:../8led.c     **** void D8Led_init(void)
  43:../8led.c     **** {
 1946              		.loc 1 43 0
 1947              		.cfi_startproc
 1948              		@ Function supports interworking.
 1949              		@ args = 0, pretend = 0, frame = 0
 1950              		@ frame_needed = 1, uses_anonymous_args = 0
 1951 0000 0DC0A0E1 		mov	ip, sp
 1952              	.LCFI0:
 1953              		.cfi_def_cfa_register 12
 1954 0004 00D82DE9 		stmfd	sp!, {fp, ip, lr, pc}
 1955 0008 04B04CE2 		sub	fp, ip, #4
 1956              		.cfi_offset 14, -8
 1957              		.cfi_offset 13, -12
 1958              		.cfi_offset 11, -16
 1959              	.LCFI1:
 1960              		.cfi_def_cfa 11, 4
  44:../8led.c     **** /* Estado inicial del display con todos los segmentos iluminados
  45:../8led.c     **** (buscar en los ficheros de cabecera la direccion implicada--->44blib.h) */ 
  46:../8led.c     **** 	LED8ADDR = 0; 
 1961              		.loc 1 46 0
 1962 000c 8537A0E3 		mov	r3, #34865152
 1963 0010 0020A0E3 		mov	r2, #0
 1964 0014 0020C3E5 		strb	r2, [r3, #0]
  47:../8led.c     **** }
 1965              		.loc 1 47 0
 1966 0018 0CD04BE2 		sub	sp, fp, #12
 1967 001c 00689DE8 		ldmfd	sp, {fp, sp, lr}
 1968 0020 1EFF2FE1 		bx	lr
 1969              		.cfi_endproc
 1970              	.LFE0:
 1972              		.align	2
 1973              		.global	D8Led_symbol
 1975              	D8Led_symbol:
 1976              	.LFB1:
  48:../8led.c     **** void D8Led_symbol(int value)
  49:../8led.c     **** {
 1977              		.loc 1 49 0
 1978              		.cfi_startproc
 1979              		@ Function supports interworking.
 1980              		@ args = 0, pretend = 0, frame = 8
 1981              		@ frame_needed = 1, uses_anonymous_args = 0
 1982 0024 0DC0A0E1 		mov	ip, sp
 1983              	.LCFI2:
 1984              		.cfi_def_cfa_register 12
 1985 0028 00D82DE9 		stmfd	sp!, {fp, ip, lr, pc}
 1986 002c 04B04CE2 		sub	fp, ip, #4
 1987              		.cfi_offset 14, -8
 1988              		.cfi_offset 13, -12
 1989              		.cfi_offset 11, -16
 1990              	.LCFI3:
 1991              		.cfi_def_cfa 11, 4
 1992 0030 08D04DE2 		sub	sp, sp, #8
 1993 0034 10000BE5 		str	r0, [fp, #-16]
  50:../8led.c     **** // muestra Symbol[value] en el display
  51:../8led.c     **** 	LED8ADDR=Symbol[value];
 1994              		.loc 1 51 0
 1995 0038 8537A0E3 		mov	r3, #34865152
 1996 003c 18209FE5 		ldr	r2, .L3
 1997 0040 10101BE5 		ldr	r1, [fp, #-16]
 1998 0044 012192E7 		ldr	r2, [r2, r1, asl #2]
 1999 0048 FF2002E2 		and	r2, r2, #255
 2000 004c 0020C3E5 		strb	r2, [r3, #0]
  52:../8led.c     **** }
 2001              		.loc 1 52 0
 2002 0050 0CD04BE2 		sub	sp, fp, #12
 2003 0054 00689DE8 		ldmfd	sp, {fp, sp, lr}
 2004 0058 1EFF2FE1 		bx	lr
 2005              	.L4:
 2006              		.align	2
 2007              	.L3:
 2008 005c 00000000 		.word	Symbol
 2009              		.cfi_endproc
 2010              	.LFE1:
 2012              	.Letext0:
DEFINED SYMBOLS
                            *ABS*:00000000 8led.c
C:\Users\USUARI~1\AppData\Local\Temp\cccGAdyI.s:1923   .data:00000000 Symbol
C:\Users\USUARI~1\AppData\Local\Temp\cccGAdyI.s:1920   .data:00000000 $d
C:\Users\USUARI~1\AppData\Local\Temp\cccGAdyI.s:1941   .text:00000000 $a
C:\Users\USUARI~1\AppData\Local\Temp\cccGAdyI.s:1944   .text:00000000 D8Led_init
C:\Users\USUARI~1\AppData\Local\Temp\cccGAdyI.s:1975   .text:00000024 D8Led_symbol
C:\Users\USUARI~1\AppData\Local\Temp\cccGAdyI.s:2008   .text:0000005c $d
                     .debug_frame:00000010 $d

NO UNDEFINED SYMBOLS
