   1              		.cpu arm7tdmi
   2              		.fpu softvfp
   3              		.eabi_attribute 20, 1
   4              		.eabi_attribute 21, 1
   5              		.eabi_attribute 23, 3
   6              		.eabi_attribute 24, 1
   7              		.eabi_attribute 25, 1
   8              		.eabi_attribute 26, 1
   9              		.eabi_attribute 30, 6
  10              		.eabi_attribute 18, 4
  11              		.file	"main.c"
  21              	.Ltext0:
  22              		.file 1 "../main.c"
 2872              		.align	2
 2873              		.global	Main
 2875              	Main:
 2876              	.LFB0:
   1:../main.c     **** /*--- ficheros de cabecera ---*/
   2:../main.c     **** #include "44blib.h"
   3:../main.c     **** #include "44b.h"
   4:../main.c     **** #include "stdio.h"
   5:../main.c     **** 
   6:../main.c     **** /*--- funciones externas ---*/
   7:../main.c     **** extern void leds_off();
   8:../main.c     **** extern void led1_on();
   9:../main.c     **** //extern void leds_switch();
  10:../main.c     **** extern void sys_init();
  11:../main.c     **** extern void button_init();
  12:../main.c     **** extern void Eint4567_init(void);
  13:../main.c     **** 
  14:../main.c     **** int contador;
  15:../main.c     **** 
  16:../main.c     **** 
  17:../main.c     **** /*--- declaracion de funciones ---*/
  18:../main.c     **** //void Main(void);
  19:../main.c     **** 
  20:../main.c     **** //DESCOMENTAR PARA PROBAR EN APARTADO*
  21:../main.c     **** 
  22:../main.c     **** /*--- MAIN AP: 3 ---*/
  23:../main.c     **** void Main(void)
  24:../main.c     **** {
 2877              		.loc 1 24 0
 2878              		.cfi_startproc
 2879              		@ Function supports interworking.
 2880              		@ args = 0, pretend = 0, frame = 0
 2881              		@ frame_needed = 1, uses_anonymous_args = 0
 2882 0000 0DC0A0E1 		mov	ip, sp
 2883              	.LCFI0:
 2884              		.cfi_def_cfa_register 12
 2885 0004 00D82DE9 		stmfd	sp!, {fp, ip, lr, pc}
 2886 0008 04B04CE2 		sub	fp, ip, #4
 2887              		.cfi_offset 14, -8
 2888              		.cfi_offset 13, -12
 2889              		.cfi_offset 11, -16
 2890              	.LCFI1:
 2891              		.cfi_def_cfa 11, 4
  25:../main.c     **** 	/* Inicializar controladores */
  26:../main.c     **** 	contador = 0;
 2892              		.loc 1 26 0
 2893 000c 1C309FE5 		ldr	r3, .L3
 2894 0010 0020A0E3 		mov	r2, #0
 2895 0014 002083E5 		str	r2, [r3, #0]
  27:../main.c     **** 	sys_init(); // Inicializacion de la placa, interrupciones y puertos
 2896              		.loc 1 27 0
 2897 0018 FEFFFFEB 		bl	sys_init
  28:../main.c     **** 	D8Led_init();
 2898              		.loc 1 28 0
 2899 001c FEFFFFEB 		bl	D8Led_init
  29:../main.c     **** 	button_init(); // Inicializar botones
 2900              		.loc 1 29 0
 2901 0020 FEFFFFEB 		bl	button_init
  30:../main.c     **** 	Eint4567_init();
 2902              		.loc 1 30 0
 2903 0024 FEFFFFEB 		bl	Eint4567_init
  31:../main.c     **** 	/* Establecer valor inicial de los LEDs */
  32:../main.c     **** 	leds_off();
 2904              		.loc 1 32 0
 2905 0028 FEFFFFEB 		bl	leds_off
 2906              	.L2:
  33:../main.c     **** 	while (1){}
 2907              		.loc 1 33 0 discriminator 1
 2908 002c FEFFFFEA 		b	.L2
 2909              	.L4:
 2910              		.align	2
 2911              	.L3:
 2912 0030 00000000 		.word	contador
 2913              		.cfi_endproc
 2914              	.LFE0:
 2916              	.Letext0:
DEFINED SYMBOLS
                            *ABS*:00000000 main.c
                            *COM*:00000004 contador
C:\Users\USUARI~1\AppData\Local\Temp\ccAFw52H.s:2872   .text:00000000 $a
C:\Users\USUARI~1\AppData\Local\Temp\ccAFw52H.s:2875   .text:00000000 Main
C:\Users\USUARI~1\AppData\Local\Temp\ccAFw52H.s:2912   .text:00000030 $d
                     .debug_frame:00000010 $d

UNDEFINED SYMBOLS
sys_init
D8Led_init
button_init
Eint4567_init
leds_off
